// Jest Snapshot v1, https://goo.gl/fbAQLP

exports[`converter converts markdown file to html 1`] = `
"<html>
  <head>
  </head>
  <body>
    <h1 class=\\".class-1 .class-2\\">Header 1 </h1>
    <h2 class=\\".class-3 .class-4\\">Header 2 </h2>
  </body>
</html>"
`;
